NPV negativo; review assumptions
Taxa: 0.050000
NPV: -5129035.741281
Taxa: 0.060000
NPV: -4068817.129554
Taxa: 0.070000
NPV: -3103010.628366
Taxa: 0.080000
NPV: -2213336.136651
Taxa: 0.090000
NPV: -1392409.060496
Taxa: 0.100000
NPV:  -63241.189602
Taxa: 0.110000
NPV: 1184385.690840
Taxa: 0.120000
NPV: 2364411.208114
Taxa: 0.130000
NPV: 3453662.590862
Taxa: 0.140000
NPV: 4462296.444635
Taxa: 0.150000
NPV: 5400212.401383
IRR final:  0.023647
WACC final: 0.091667
