y = 16
NPV = -0.527963
count: 3
count: 2
count: 1
done
