WACC 1 = 0.101538
WACC 2 = 0.101538
WACC 3 = 0.101538
